
> frontend@0.1.0 build
> next build

   Γû▓ Next.js 15.5.20
   - Environments: .env

   Creating an optimized production build ...
 Γ£ô Compiled successfully in 47s
   Skipping validation of types
   Skipping linting
   Collecting page data ...
   Generating static pages (0/37) ...
node.exe : Error occurred prerendering page "/dashboard/bill". Read more: 
https://nextjs.org/docs/messages/prerender-error
At line:1 char:1
+ & "C:\Program Files\nodejs/node.exe" "C:\Program Files\nodejs/node_mo ...
+ ~~~~~~~~~~~~~~~~~~~~~~~~~~~~~~~~~~~~~~~~~~~~~~~~~~~~~~~~~~~~~~~~~~~~~
    + CategoryInfo          : NotSpecified: (Error occurred ...prerender-error:String) [], RemoteException
    + FullyQualifiedErrorId : NativeCommandError
 
ReferenceError: billSubView is not defined
    at g (D:\Mara Photo\Mara Photo\frontend\.next\server\app\dashboard\bill\page.js:2:9041) {
  digest: '118709543'
}
Export encountered an error on /dashboard/bill/page: /dashboard/bill, exiting the build.
 Γ¿» Next.js build worker exited with code: 1 and signal: null
